INFO: running on testdata/ko_custom_config with cust1 configuration
ERROR: main.tf misformed:
  Unmatching "^[a-z0-9-]*$" pattern blockname(s):
    - foo_bar (resource)
  Unauthorized block(s):
    - resource

ERROR: Provider's version not set:
  - google

ERROR: Terraform's version not set

