INFO: using cust1 configuration in testdata/ok_custom_config
