INFO: using default configuration in testdata/ok_default_config
