
ERROR: providers.tf misformed:
  Unmatching "^[a-z0-9_]*$" pattern blockname(s):
    - foo-bar (resource)
  Unauthorized block(s):
    - resource

ERROR: missing mandatory file(s):
  - backend.tf
  - outputs.tf
  - variables.tf

ERROR: Provider's version not set:
  - google

ERROR: Terraform's version not set
